
Copyright (C) 1994-2021 Synopsys, Inc.
This Synopsys software and all associated documentation are proprietary to Synopsys, Inc.
and may only be used pursuant to the terms and conditions of a written license agreement
with Synopsys, Inc. All other use, reproduction, modification, or distribution of the
Synopsys software or the associated documentation is strictly prohibited.
Tool: HAPS (R) ProtoCompiler 100
Build: R-2020.12-SP1-1
Install: /usr/cadtool/csr5306/synopsys/protocomp/R-2020.12-SP1-1
OS: CentOS release 6.10 (Final)
Hostname: ws32
max virtual memory: unlimited (bytes)
max user processes: 1024
max stack size: 10485760 (bytes)


Database state : /home/m110/m110063541/synos/Lab1_PCflow/UC_LED_DEMO/|sr0
Synopsys Partitioner, Version map202012pcp4, Build 193R, Built Apr  8 2022 21:27:09, @4216327

##############################################################################
########################## TDM QUALIFIED NETS ##########################
##############################################################################
TDM Qualification type: all
Qualified Nets  Source FPGA  Sink FPGA(s)  Sink Instance  Driver Instance  Source Clock  Dest Clock  Clock Group      Slack    
-----------------------------------------------------------------------------------------------------------------------------
out[28]         FB1.uA       FB1.uB        C[5:0].C[2]    D[31:0].D[3]     System:r      System:r    system_clkgroup  993.72   
out[29]         FB1.uA       FB1.uB        C[5:0].C[5]    D[31:0].D[3]     System:r      System:r    system_clkgroup  993.767  
out[30]         FB1.uA       FB1.uB        C[5:0].C[5]    D[31:0].D[1]     System:r      System:r    system_clkgroup  993.794  
out[0]          FB1.uA       FB1.uB        C[5:0].C[2]    D[31:0].D[31]    System:r      System:r    system_clkgroup  993.727  
out[1]          FB1.uA       FB1.uB        C[5:0].C[5]    D[31:0].D[31]    System:r      System:r    system_clkgroup  993.761  
out[2]          FB1.uA       FB1.uB        C[5:0].C[5]    D[31:0].D[29]    System:r      System:r    system_clkgroup  993.788  
out[4]          FB1.uA       FB1.uB        C[5:0].C[2]    D[31:0].D[27]    System:r      System:r    system_clkgroup  993.727  
out[5]          FB1.uA       FB1.uB        C[5:0].C[5]    D[31:0].D[27]    System:r      System:r    system_clkgroup  993.761  
out[6]          FB1.uA       FB1.uB        C[5:0].C[5]    D[31:0].D[25]    System:r      System:r    system_clkgroup  993.788  
out[8]          FB1.uA       FB1.uB        C[5:0].C[2]    D[31:0].D[23]    System:r      System:r    system_clkgroup  993.727  
out[9]          FB1.uA       FB1.uB        C[5:0].C[5]    D[31:0].D[23]    System:r      System:r    system_clkgroup  993.761  
out[10]         FB1.uA       FB1.uB        C[5:0].C[5]    D[31:0].D[21]    System:r      System:r    system_clkgroup  993.788  
out[12]         FB1.uA       FB1.uB        C[5:0].C[2]    D[31:0].D[19]    System:r      System:r    system_clkgroup  993.727  
out[13]         FB1.uA       FB1.uB        C[5:0].C[5]    D[31:0].D[19]    System:r      System:r    system_clkgroup  993.761  
out[14]         FB1.uA       FB1.uB        C[5:0].C[5]    D[31:0].D[17]    System:r      System:r    system_clkgroup  993.788  
out[16]         FB1.uA       FB1.uB        C[5:0].C[2]    D[31:0].D[15]    System:r      System:r    system_clkgroup  993.72   
out[17]         FB1.uA       FB1.uB        C[5:0].C[5]    D[31:0].D[15]    System:r      System:r    system_clkgroup  993.767  
out[18]         FB1.uA       FB1.uB        C[5:0].C[5]    D[31:0].D[13]    System:r      System:r    system_clkgroup  993.794  
out[20]         FB1.uA       FB1.uB        C[5:0].C[2]    D[31:0].D[11]    System:r      System:r    system_clkgroup  993.72   
out[21]         FB1.uA       FB1.uB        C[5:0].C[5]    D[31:0].D[11]    System:r      System:r    system_clkgroup  993.767  
out[22]         FB1.uA       FB1.uB        C[5:0].C[5]    D[31:0].D[9]     System:r      System:r    system_clkgroup  993.794  
out[24]         FB1.uA       FB1.uB        C[5:0].C[2]    D[31:0].D[7]     System:r      System:r    system_clkgroup  993.72   
out[25]         FB1.uA       FB1.uB        C[5:0].C[5]    D[31:0].D[7]     System:r      System:r    system_clkgroup  993.767  
out[26]         FB1.uA       FB1.uB        C[5:0].C[5]    D[31:0].D[5]     System:r      System:r    system_clkgroup  993.794  
D_aptn_ft[31]   FB1.uB       FB1.uA        C[5:0].C[5]    D[31:0].D[31]    System:r      System:r    system_clkgroup  993.727  
D_aptn_ft[11]   FB1.uB       FB1.uA        C[5:0].C[5]    D[31:0].D[11]    System:r      System:r    system_clkgroup  993.72   
D_aptn_ft[24]   FB1.uB       FB1.uA        C[5:0].C[2]    D[31:0].D[24]    System:r      System:r    system_clkgroup  993.727  
D_aptn_ft[23]   FB1.uB       FB1.uA        C[5:0].C[5]    D[31:0].D[23]    System:r      System:r    system_clkgroup  993.727  
D_aptn_ft[25]   FB1.uB       FB1.uA        C[5:0].C[5]    D[31:0].D[25]    System:r      System:r    system_clkgroup  993.727  
D_aptn_ft[26]   FB1.uB       FB1.uA        C[5:0].C[5]    D[31:0].D[26]    System:r      System:r    system_clkgroup  993.727  
D_aptn_ft[28]   FB1.uB       FB1.uA        C[5:0].C[2]    D[31:0].D[28]    System:r      System:r    system_clkgroup  993.727  
D_aptn_ft[27]   FB1.uB       FB1.uA        C[5:0].C[5]    D[31:0].D[27]    System:r      System:r    system_clkgroup  993.727  
D_aptn_ft[14]   FB1.uB       FB1.uA        C[5:0].C[5]    D[31:0].D[14]    System:r      System:r    system_clkgroup  993.72   
D_aptn_ft[15]   FB1.uB       FB1.uA        C[5:0].C[5]    D[31:0].D[15]    System:r      System:r    system_clkgroup  993.72   
D_aptn_ft[20]   FB1.uB       FB1.uA        C[5:0].C[2]    D[31:0].D[20]    System:r      System:r    system_clkgroup  993.727  
D_aptn_ft[19]   FB1.uB       FB1.uA        C[5:0].C[5]    D[31:0].D[19]    System:r      System:r    system_clkgroup  993.727  
D_aptn_ft[12]   FB1.uB       FB1.uA        C[5:0].C[2]    D[31:0].D[12]    System:r      System:r    system_clkgroup  993.72   
D_aptn_ft[30]   FB1.uB       FB1.uA        C[5:0].C[5]    D[31:0].D[30]    System:r      System:r    system_clkgroup  993.727  
D_aptn_ft[29]   FB1.uB       FB1.uA        C[5:0].C[5]    D[31:0].D[29]    System:r      System:r    system_clkgroup  993.727  
D_aptn_ft[10]   FB1.uB       FB1.uA        C[5:0].C[5]    D[31:0].D[10]    System:r      System:r    system_clkgroup  993.72   
D_aptn_ft[2]    FB1.uB       FB1.uA        C[5:0].C[5]    D[31:0].D[2]     System:r      System:r    system_clkgroup  993.72   
D_aptn_ft[13]   FB1.uB       FB1.uA        C[5:0].C[5]    D[31:0].D[13]    System:r      System:r    system_clkgroup  993.72   
D_aptn_ft[17]   FB1.uB       FB1.uA        C[5:0].C[5]    D[31:0].D[17]    System:r      System:r    system_clkgroup  993.727  
D_aptn_ft[0]    FB1.uB       FB1.uA        C[5:0].C[2]    D[31:0].D[0]     System:r      System:r    system_clkgroup  993.72   
D_aptn_ft[21]   FB1.uB       FB1.uA        C[5:0].C[5]    D[31:0].D[21]    System:r      System:r    system_clkgroup  993.727  
D_aptn_ft[4]    FB1.uB       FB1.uA        C[5:0].C[2]    D[31:0].D[4]     System:r      System:r    system_clkgroup  993.72   
D_aptn_ft[18]   FB1.uB       FB1.uA        C[5:0].C[5]    D[31:0].D[18]    System:r      System:r    system_clkgroup  993.727  
D_aptn_ft[1]    FB1.uB       FB1.uA        C[5:0].C[5]    D[31:0].D[1]     System:r      System:r    system_clkgroup  993.72   
D_aptn_ft[3]    FB1.uB       FB1.uA        C[5:0].C[5]    D[31:0].D[3]     System:r      System:r    system_clkgroup  993.72   
D_aptn_ft[5]    FB1.uB       FB1.uA        C[5:0].C[5]    D[31:0].D[5]     System:r      System:r    system_clkgroup  993.72   
D_aptn_ft[22]   FB1.uB       FB1.uA        C[5:0].C[5]    D[31:0].D[22]    System:r      System:r    system_clkgroup  993.727  
D_aptn_ft[6]    FB1.uB       FB1.uA        C[5:0].C[5]    D[31:0].D[6]     System:r      System:r    system_clkgroup  993.72   
D_aptn_ft[8]    FB1.uB       FB1.uA        C[5:0].C[2]    D[31:0].D[8]     System:r      System:r    system_clkgroup  993.72   
D_aptn_ft[7]    FB1.uB       FB1.uA        C[5:0].C[5]    D[31:0].D[7]     System:r      System:r    system_clkgroup  993.72   
D_aptn_ft[9]    FB1.uB       FB1.uA        C[5:0].C[5]    D[31:0].D[9]     System:r      System:r    system_clkgroup  993.72   
D_aptn_ft[16]   FB1.uB       FB1.uA        C[5:0].C[2]    D[31:0].D[16]    System:r      System:r    system_clkgroup  993.727  
=============================================================================================================================
